Archive member included because of file (symbol)

O:\fehqt\Proteus/EWL/lib/armv7e-m\libc.a(sprintf.o)
                              Libraries\FEHLCD.o (sprintf)
O:\fehqt\Proteus/EWL/lib/armv7e-m\libc.a(vsnprintf.o)
                              O:\fehqt\Proteus/EWL/lib/armv7e-m\libc.a(sprintf.o) (vsnprintf)
O:\fehqt\Proteus/EWL/lib/armv7e-m\libc.a(exit.o)
                              Startup\__arm_start.o (exit)
O:\fehqt\Proteus/EWL/lib/armv7e-m\libc.a(memcpy.o)
                              O:\fehqt\Proteus/EWL/lib/armv7e-m\libc.a(vsnprintf.o) (memcpy)
O:\fehqt\Proteus/EWL/lib/armv7e-m\libc.a(memset.o)
                              ..\main.o (memset)
O:\fehqt\Proteus/EWL/lib/armv7e-m\libc.a(strcmp.o)
                              Libraries\FEHLCD.o (strcmp)
O:\fehqt\Proteus/EWL/lib/armv7e-m\libc.a(strcpy.o)
                              Libraries\FEHLCD.o (strcpy)
O:\fehqt\Proteus/EWL/lib/armv7e-m\libc.a(strlen.o)
                              Libraries\FEHLCD.o (strlen)
O:\fehqt\Proteus/EWL/lib/armv7e-m\libc.a(printformat_.o)
                              (__pformatter_)
O:\fehqt\Proteus/EWL/lib/armv7e-m\libc.a(scanformat_.o)
                              (__sformatter)
O:\fehqt\Proteus/EWL/lib/armv7e-m\libc.a(ctype_aeabi.o)
                              O:\fehqt\Proteus/EWL/lib/armv7e-m\libc.a(scanformat_.o) (isspace)
O:\fehqt\Proteus/EWL/lib/armv7e-m\libc.a(__strtoul.o)
                              O:\fehqt\Proteus/EWL/lib/armv7e-m\libc.a(scanformat_.o) (__strtoul)
O:\fehqt\Proteus/EWL/lib/armv7e-m\libc.a(__filll_mem.o)
                              O:\fehqt\Proteus/EWL/lib/armv7e-m\libc.a(memset.o) (__fill_mem)
O:\fehqt\Proteus/EWL/lib/armv7e-m\libc.a(memchr.o)
                              O:\fehqt\Proteus/EWL/lib/armv7e-m\libc.a(printformat_.o) (memchr)
O:\fehqt\Proteus/EWL/lib/armv7e-m\libc.a(strchr.o)
                              O:\fehqt\Proteus/EWL/lib/armv7e-m\libc.a(printformat_.o) (strchr)
o:/fehqt/proteus/gcc/bin/../lib/gcc/arm-none-eabi/4.6.2/armv7e-m\libgcc.a(_arm_addsubdf3.o)
                              Libraries\FEHLCD.o (__aeabi_dsub)
o:/fehqt/proteus/gcc/bin/../lib/gcc/arm-none-eabi/4.6.2/armv7e-m\libgcc.a(_arm_muldivdf3.o)
                              Libraries\FEHMotor.o (__aeabi_dmul)
o:/fehqt/proteus/gcc/bin/../lib/gcc/arm-none-eabi/4.6.2/armv7e-m\libgcc.a(_arm_cmpdf2.o)
                              Drivers\ff.o (__aeabi_dcmplt)
o:/fehqt/proteus/gcc/bin/../lib/gcc/arm-none-eabi/4.6.2/armv7e-m\libgcc.a(_arm_fixdfsi.o)
                              Libraries\FEHMotor.o (__aeabi_d2iz)
o:/fehqt/proteus/gcc/bin/../lib/gcc/arm-none-eabi/4.6.2/armv7e-m\libgcc.a(_arm_fixunsdfsi.o)
                              Libraries\FEHUtility.o (__aeabi_d2uiz)
o:/fehqt/proteus/gcc/bin/../lib/gcc/arm-none-eabi/4.6.2/armv7e-m\libgcc.a(_arm_truncdfsf2.o)
                              Libraries\FEHMotor.o (__aeabi_d2f)
o:/fehqt/proteus/gcc/bin/../lib/gcc/arm-none-eabi/4.6.2/armv7e-m\libgcc.a(_arm_addsubsf3.o)
                              Libraries\FEHLCD.o (__aeabi_fsub)
o:/fehqt/proteus/gcc/bin/../lib/gcc/arm-none-eabi/4.6.2/armv7e-m\libgcc.a(_arm_muldivsf3.o)
                              Drivers\mcg.o (__aeabi_fmul)
o:/fehqt/proteus/gcc/bin/../lib/gcc/arm-none-eabi/4.6.2/armv7e-m\libgcc.a(_arm_cmpsf2.o)
                              Libraries\FEHServo.o (__aeabi_fcmpeq)
o:/fehqt/proteus/gcc/bin/../lib/gcc/arm-none-eabi/4.6.2/armv7e-m\libgcc.a(_arm_fixsfsi.o)
                              Libraries\FEHLCD.o (__aeabi_f2iz)
o:/fehqt/proteus/gcc/bin/../lib/gcc/arm-none-eabi/4.6.2/armv7e-m\libgcc.a(_arm_fixunssfsi.o)
                              Drivers\mcg.o (__aeabi_f2uiz)
O:\fehqt\Proteus/EWL/lib/armv7e-m\librt.a(gcc_ctor_dtor.o)
                              Startup\__arm_start.o (__init_cpp)
O:\fehqt\Proteus/EWL/lib/armv7e-m\librt.a(ROMCopy.o)
                              Startup\__arm_start.o (__copy_rom_sections_to_ram)
O:\fehqt\Proteus/EWL/lib/armv7e-m\librt.a(__arm_eabi_init.o)
                              O:\fehqt\Proteus/EWL/lib/armv7e-m\libc.a(exit.o) (__destroy_global_chain)
O:\fehqt\Proteus/EWL/lib/armv7e-m\librt.a(New.o)
                              Libraries\FEHIO.o (operator new(unsigned int))
o:/fehqt/proteus/gcc/bin/../lib/gcc/arm-none-eabi/4.6.2/../../../../arm-none-eabi/lib/armv7e-m\libsupc++.a(class_type_info.o)
                              O:\fehqt\Proteus/EWL/lib/armv7e-m\librt.a(New.o) (vtable for __cxxabiv1::__class_type_info)
o:/fehqt/proteus/gcc/bin/../lib/gcc/arm-none-eabi/4.6.2/../../../../arm-none-eabi/lib/armv7e-m\libsupc++.a(eh_alloc.o)
                              O:\fehqt\Proteus/EWL/lib/armv7e-m\librt.a(New.o) (__cxa_allocate_exception)
o:/fehqt/proteus/gcc/bin/../lib/gcc/arm-none-eabi/4.6.2/../../../../arm-none-eabi/lib/armv7e-m\libsupc++.a(eh_arm.o)
                              O:\fehqt\Proteus/EWL/lib/armv7e-m\librt.a(New.o) (__cxa_end_cleanup)
[...]
Memory Configuration

Name             Origin             Length             Attributes
m_interrupts     0x0000c000         0x00000400         xr
m_cfmprotrom     0x0000c400         0x00000010         xr
m_text           0x0000c410         0x00073bf0         xr
m_data           0x1fff0400         0x0000fc00         xrw
m_data2          0x20000000         0x00010000         xrw
*default*        0x00000000         0xffffffff

Linker script and memory map

LOAD ..\main.o
LOAD Startup\__arm_start.o
LOAD Startup\__arm_end.o
LOAD Startup\kinetis_sysinit.o
LOAD Libraries\FEHMotor.o
LOAD Drivers\mcg.o
LOAD Drivers\i2c.o
LOAD Drivers\spi.o
LOAD Drivers\uart.o
LOAD Drivers\ff.o
LOAD Drivers\SDHC.o
LOAD Drivers\lptmr.o
LOAD FEHProteus.o
LOAD Drivers\FEHPropeller.o
LOAD Libraries\FEHUtility.o
LOAD Libraries\FEHIO.o
LOAD Drivers\adc16.o
LOAD Libraries\FEHBuzzer.o
LOAD Libraries\FEHServo.o
LOAD Libraries\FEHLCD.o
LOAD Libraries\FEHAccel.o
LOAD Libraries\FEHBattery.o
LOAD Drivers\FEHXBee.o
LOAD Libraries\FEHRPS.o
LOAD Libraries\FEHSD.o
                0x00013bb4                __pformatter = __pformatter_
                [0x00013fac]                __sformatter = __sformatter
LOAD O:\fehqt\Proteus/EWL/lib/armv7e-m\libstdc++.a
LOAD O:\fehqt\Proteus/EWL/lib/armv7e-m\libm.a
START GROUP
LOAD O:\fehqt\Proteus/EWL/lib/armv7e-m\libc.a
LOAD O:\fehqt\Proteus/EWL/lib/armv7e-m\libc++.a
LOAD O:\fehqt\Proteus/EWL/lib/armv7e-m\libm.a
LOAD o:/fehqt/proteus/gcc/bin/../lib/gcc/arm-none-eabi/4.6.2/armv7e-m\libgcc.a
LOAD O:\fehqt\Proteus/EWL/lib/armv7e-m\librt.a
LOAD o:/fehqt/proteus/gcc/bin/../lib/gcc/arm-none-eabi/4.6.2/../../../../arm-none-eabi/lib/armv7e-m\libsupc++.a
END GROUP
                0x20000000                _estack = 0x20000000
                0x20000000                __SP_INIT = _estack
                0x00000800                __heap_size = 0x800
                0x00000800                __stack_size = 0x800

.interrupts     0x0000c000      0x1e0
                0x0000c000                __vector_table = .
                0x0000c000                . = ALIGN (0x4)
 *(.vectortable)
 .vectortable   0x0000c000      0x1e0 Startup\kinetis_sysinit.o
                0x0000c1e0                . = ALIGN (0x4)

.cfmprotect     0x0000c400        0x0
                0x0000c400                . = ALIGN (0x4)
 *(.cfmconfig)
                0x0000c400                . = ALIGN (0x4)

.text           0x0000c410     0x8aac
                0x0000c410                . = ALIGN (0x4)
 *(.text)
 .text          0x0000c410      0x370 o:/fehqt/proteus/gcc/bin/../lib/gcc/arm-none-eabi/4.6.2/armv7e-m\libgcc.a(_arm_addsubdf3.o)
                0x0000c410                __aeabi_drsub
                0x0000c418                __aeabi_dsub
                0x0000c418                __subdf3
                0x0000c41c                __aeabi_dadd
                0x0000c41c                __adddf3
                0x0000c694                __floatunsidf
                0x0000c694                __aeabi_ui2d
                0x0000c6b4                __floatsidf
                0x0000c6b4                __aeabi_i2d
                0x0000c6d8                __aeabi_f2d
                0x0000c6d8                __extendsfdf2
                0x0000c714                __floatundidf
                0x0000c714                __aeabi_ul2d
                0x0000c724                __floatdidf
                0x0000c724                __aeabi_l2d
 .text          0x0000c780      0x424 o:/fehqt/proteus/gcc/bin/../lib/gcc/arm-none-eabi/4.6.2/armv7e-m\libgcc.a(_arm_muldivdf3.o)
                0x0000c780                __aeabi_dmul
                0x0000c780                __muldf3
                0x0000c9d4                __divdf3
                0x0000c9d4                __aeabi_ddiv
 .text          0x0000cba4       0x50 o:/fehqt/proteus/gcc/bin/../lib/gcc/arm-none-eabi/4.6.2/armv7e-m\libgcc.a(_arm_fixdfsi.o)
                0x0000cba4                __aeabi_d2iz
                0x0000cba4                __fixdfsi
 .text          0x0000cbf4       0x40 o:/fehqt/proteus/gcc/bin/../lib/gcc/arm-none-eabi/4.6.2/armv7e-m\libgcc.a(_arm_fixunsdfsi.o)
                0x0000cbf4                __aeabi_d2uiz
                0x0000cbf4                __fixunsdfsi
 .text          0x0000cc34       0xa0 o:/fehqt/proteus/gcc/bin/../lib/gcc/arm-none-eabi/4.6.2/armv7e-m\libgcc.a(_arm_truncdfsf2.o)
                0x0000cc34                __truncdfsf2
                0x0000cc34                __aeabi_d2f
 .text          0x0000ccd4      0x21c o:/fehqt/proteus/gcc/bin/../lib/gcc/arm-none-eabi/4.6.2/armv7e-m\libgcc.a(_arm_addsubsf3.o)
                0x0000ccd4                __aeabi_frsub
                0x0000ccdc                __subsf3
                0x0000ccdc                __aeabi_fsub
                0x0000cce0                __aeabi_fadd
                0x0000cce0                __addsf3
                0x0000ce40                __aeabi_ui2f
                0x0000ce40                __floatunsisf
                0x0000ce48                __aeabi_i2f
                0x0000ce48                __floatsisf
                0x0000ce64                __aeabi_ul2f
                0x0000ce64                __floatundisf
                0x0000ce74                __aeabi_l2f
                0x0000ce74                __floatdisf
 .text          0x0000cef0      0x2a0 o:/fehqt/proteus/gcc/bin/../lib/gcc/arm-none-eabi/4.6.2/armv7e-m\libgcc.a(_arm_muldivsf3.o)
                0x0000cef0                __mulsf3
                0x0000cef0                __aeabi_fmul
                0x0000d058                __aeabi_fdiv
                0x0000d058                __divsf3
 .text          0x0000d190       0xec o:/fehqt/proteus/gcc/bin/../lib/gcc/arm-none-eabi/4.6.2/armv7e-m\libgcc.a(_arm_cmpsf2.o)
                0x0000d190                __gesf2
                0x0000d190                __gtsf2
                0x0000d198                __lesf2
                0x0000d198                __ltsf2
                0x0000d1a0                __nesf2
                0x0000d1a0                __eqsf2
                0x0000d1a0                __cmpsf2
                0x0000d200                __aeabi_cfrcmple
                0x0000d208                __aeabi_cfcmpeq
                0x0000d208                __aeabi_cfcmple
                0x0000d218                __aeabi_fcmpeq
                0x0000d22c                __aeabi_fcmplt
                0x0000d240                __aeabi_fcmple
                0x0000d254                __aeabi_fcmpge
                0x0000d268                __aeabi_fcmpgt
 .text          0x0000d27c       0x4c o:/fehqt/proteus/gcc/bin/../lib/gcc/arm-none-eabi/4.6.2/armv7e-m\libgcc.a(_arm_fixsfsi.o)
                0x0000d27c                __aeabi_f2iz
                0x0000d27c                __fixsfsi
 *(.text*)
 .text.main     0x0000d2c8      0x3e0 ..\main.o
                0x0000d2c8                main
 .text._Z8drawMenuPN7FEHIcon4IconEPA20_c
                0x0000d6a8       0x4c ..\main.o
                0x0000d6a8                drawMenu(FEHIcon::Icon*, char (*) [20])
 .text.zero_fill_bss
                0x0000d6f4       0x34 Startup\__arm_start.o
 .text.__thumb_startup
                0x0000d728       0x34 Startup\__arm_start.o
                0x0000d728                __thumb_startup
 .text.InitFEHProteus
                0x0000d75c      0x15c Startup\__arm_start.o
                0x0000d75c                InitFEHProteus
 .text.pll_init_bl
                0x0000d8b8      0x130 Startup\__arm_start.o
 .text.InitPowerButton
                0x0000d9e8       0x90 Startup\__arm_start.o
                0x0000d9e8                InitPowerButton
 .text._ExitProcess
                0x0000da78        0xc Startup\__arm_end.o
                0x0000da78                _ExitProcess
 .text.Default_Handler
                0x0000da84        0xc Startup\kinetis_sysinit.o
                0x0000da84                BusFault_Handler()
                0x0000da84                HardFault_Handler()
                0x0000da84                SysTick_Handler()
                0x0000da84                PendSV_Handler()
                0x0000da84                DebugMonitor_Handler()
                0x0000da84                MemManage_Handler()
                0x0000da84                NMI_Handler()
                0x0000da84                SVC_Handler()
                0x0000da84                Default_Handler
                0x0000da84                UsageFault_Handler()
 .text.__init_hardware
                0x0000da90       0x44 Startup\kinetis_sysinit.o
                0x0000da90                __init_hardware
 .text._Z8PortDISRv
                0x0000dad4       0x64 Startup\kinetis_sysinit.o
                0x0000dad4                PortDISR()
 .text._Z21IIC_StartTransmissionhh
                0x0000db38       0x98 Drivers\i2c.o
                0x0000db38                IIC_StartTransmission(unsigned char, unsigned char)
 .text._Z5Pausev
                0x0000dbd0       0x34 Drivers\i2c.o
                0x0000dbd0                Pause()
 .text._Z21MMA8451QWriteRegisterhh
                0x0000dc04      0x12c Drivers\i2c.o
                0x0000dc04                MMA8451QWriteRegister(unsigned char, unsigned char)
 .text._Z12SPI_SendCharh
                0x0000dd30       0x1c Drivers\spi.o
                0x0000dd30                SPI_SendChar(unsigned char)
 .text._Z16SPI_WriteCommandhh
                0x0000dd4c       0x34 Drivers\spi.o
                0x0000dd4c                SPI_WriteCommand(unsigned char, unsigned char)
 .text._Z11SPI_GetCharv
                0x0000dd80       0x14 Drivers\spi.o
                0x0000dd80                SPI_GetChar()
 .text._Z15SPI_ReadCommandh
                0x0000dd94       0x3c Drivers\spi.o
                0x0000dd94                SPI_ReadCommand(unsigned char)
 .text._Z13SPI_CS_Assertv
                0x0000ddd0       0x24 Drivers\spi.o
                0x0000ddd0                SPI_CS_Assert()
 .text._Z15SPI_CS_Deassertv
                0x0000ddf4       0x24 Drivers\spi.o
                0x0000ddf4                SPI_CS_Deassert()
 .text._Z12SPI_Transferh
                0x0000de18       0x88 Drivers\spi.o
                0x0000de18                SPI_Transfer(unsigned char)
 .text._Z8SPI_Initv
                0x0000dea0       0xe8 Drivers\spi.o
                0x0000dea0                SPI_Init()
 .text._Z9uart_initPV11UART_MemMapii
                0x0000df88      0x20c Drivers\uart.o
                0x0000df88                uart_init(UART_MemMap volatile*, int, int)
 .text._Z12uart_getcharPV11UART_MemMap
                0x0000e194       0x34 Drivers\uart.o
                0x0000e194                uart_getchar(UART_MemMap volatile*)
 .text._ZL7mem_setPvij
                0x0000e1c8       0x44 Drivers\ff.o
 .text._ZL11move_windowP5FATFSm
                0x0000e20c       0xf0 Drivers\ff.o
 .text._ZL4syncP5FATFS
                0x0000e2fc      0x188 Drivers\ff.o
 .text._ZL8validateP5FATFSt
                0x0000e484       0x54 Drivers\ff.o
 .text._Z6f_syncP3FIL
                0x0000e4d8      0x1c0 Drivers\ff.o
                0x0000e4d8                f_sync(FIL*)
 .text._Z7f_closeP3FIL
                0x0000e698       0x2c Drivers\ff.o
                0x0000e698                f_close(FIL*)
 .text._ZL17SDHC_set_baudratemm
                0x0000e6c4      0x14c Drivers\SDHC.o
 .text._Z9SDHC_initP17esdhc_info_structPK17esdhc_init_struct
                0x0000e810      0x1c4 Drivers\SDHC.o
                0x0000e810                SDHC_init(esdhc_info_struct*, esdhc_init_struct const*)
 .text._ZL15SDHC_is_runningv
                0x0000e9d4       0x28 Drivers\SDHC.o
 .text._ZL16SDHC_status_waitm
                0x0000e9fc       0x38 Drivers\SDHC.o
 .text._ZL17SDHC_send_commandP20esdhc_command_struct
                0x0000ea34      0x2a0 Drivers\SDHC.o
 .text._Z10SDHC_ioctlmPv
                0x0000ecd4      0x978 Drivers\SDHC.o
                0x0000ecd4                SDHC_ioctl(unsigned long, void*)
 .text._ZL14rcvr_datablockPhm
                0x0000f64c      0x134 Drivers\SDHC.o
 .text._Z9disk_readhPhmh
                0x0000f780      0x13c Drivers\SDHC.o
                0x0000f780                disk_read(unsigned char, unsigned char*, unsigned long, unsigned char)
 .text._ZL14xmit_datablockPKhm
                0x0000f8bc       0xe0 Drivers\SDHC.o
 .text._Z10disk_writehPKhmh
                0x0000f99c      0x1cc Drivers\SDHC.o
                0x0000f99c                disk_write(unsigned char, unsigned char const*, unsigned long, unsigned char)
 .text._Z10disk_ioctlhhPv
                0x0000fb68      0x128 Drivers\SDHC.o
                0x0000fb68                disk_ioctl(unsigned char, unsigned char, void*)
 .text._Z11disk_statush
                0x0000fc90       0x30 Drivers\SDHC.o
                0x0000fc90                disk_status(unsigned char)
 .text._Z13time_delay_msm
                0x0000fcc0       0xa4 Drivers\lptmr.o
                0x0000fcc0                time_delay_ms(unsigned long)
 .text._Z41__static_initialization_and_destruction_0ii
                0x0000fd64       0x30 FEHProteus.o
 .text._GLOBAL__sub_I_Propeller
                0x0000fd94       0x14 FEHProteus.o
 .text._ZN12FEHPropellerC2Ev
                0x0000fda8       0x20 Drivers\FEHPropeller.o
                0x0000fda8                FEHPropeller::FEHPropeller()
                0x0000fda8                FEHPropeller::FEHPropeller()
 .text._ZN12FEHPropeller10InitializeEv
                0x0000fdc8       0x94 Drivers\FEHPropeller.o
                0x0000fdc8                FEHPropeller::Initialize()
 .text._ZL5Delaymjj
                0x0000fe5c       0xc4 Libraries\FEHUtility.o
 .text._Z5Sleepi
                0x0000ff20       0x34 Libraries\FEHUtility.o
                0x0000ff20                Sleep(int)
 *fill*         0x0000ff54        0x4 00
 .text._Z5Sleepd
                0x0000ff58       0x58 Libraries\FEHUtility.o
                0x0000ff58                Sleep(double)
 .text._Z9portB_isrv
                0x0000ffb0       0xd4 Libraries\FEHIO.o
                0x0000ffb0                portB_isr()
 .text._Z9portC_isrv
                0x00010084       0xd8 Libraries\FEHIO.o
                0x00010084                portC_isr()
 .text._Z9portA_isrv
                0x0001015c       0xd8 Libraries\FEHIO.o
                0x0001015c                portA_isr()
 .text._Z9portE_isrv
                0x00010234       0xd0 Libraries\FEHIO.o
                0x00010234                portE_isr()
 .text._ZN14AnalogInputPinC2EN5FEHIO8FEHIOPinE
                0x00010304       0x20 Libraries\FEHIO.o
                0x00010304                AnalogInputPin::AnalogInputPin(FEHIO::FEHIOPin)
                0x00010304                AnalogInputPin::AnalogInputPin(FEHIO::FEHIOPin)
 .text._ZN13AnalogEncoder12EncoderValueEv
                0x00010324       0xe4 Libraries\FEHIO.o
                0x00010324                AnalogEncoder::EncoderValue()
 .text._ZN14AnalogInputPin8InitADCsEv
                0x00010408      0x120 Libraries\FEHIO.o
                0x00010408                AnalogInputPin::InitADCs()
 .text._Z8pit0_isrv
                0x00010528       0x34 Libraries\FEHIO.o
                0x00010528                pit0_isr()
 .text._ZN13AnalogEncoder4InitEv
                0x0001055c       0x64 Libraries\FEHIO.o
                0x0001055c                AnalogEncoder::Init()
 .text._ZN13AnalogEncoder14SetCounterInitEj
                0x000105c0       0x20 Libraries\FEHIO.o
                0x000105c0                AnalogEncoder::SetCounterInit(unsigned int)
 .text._ZN13AnalogEncoder10ProcessIntEv
                0x000105e0       0x80 Libraries\FEHIO.o
                0x000105e0                AnalogEncoder::ProcessInt()
 .text._ZN13AnalogEncoder14ProcessIntSelfEv
                0x00010660       0x80 Libraries\FEHIO.o
                0x00010660                AnalogEncoder::ProcessIntSelf()
 .text._Z7ADC_CalPV10ADC_MemMap
                0x000106e0      0x14c Drivers\adc16.o
                0x000106e0                ADC_Cal(ADC_MemMap volatile*)
 .text._Z14ADC_Config_AltPV10ADC_MemMapP7adc_cfg
                0x0001082c       0x6c Drivers\adc16.o
                0x0001082c                ADC_Config_Alt(ADC_MemMap volatile*, adc_cfg*)
 .text._ZN9FEHBuzzerC2Ev
                0x00010898       0x18 Libraries\FEHBuzzer.o
                0x00010898                FEHBuzzer::FEHBuzzer()
                0x00010898                FEHBuzzer::FEHBuzzer()
 .text._Z41__static_initialization_and_destruction_0ii
                0x000108b0       0x30 Libraries\FEHBuzzer.o
 .text._GLOBAL__sub_I_Buzzer
                0x000108e0       0x14 Libraries\FEHBuzzer.o
 .text._ZN6FEHLCD11_InitializeEv
                0x000108f4      0x5dc Libraries\FEHLCD.o
                0x000108f4                FEHLCD::_Initialize()
 .text._ZN6FEHLCDC2Ev
                0x00010ed0       0x64 Libraries\FEHLCD.o
                0x00010ed0                FEHLCD::FEHLCD()
                0x00010ed0                FEHLCD::FEHLCD()
 .text._ZN6FEHLCD10InitializeEv
                0x00010f34       0x38 Libraries\FEHLCD.o
                0x00010f34                FEHLCD::Initialize()
 .text._ZN6FEHLCD10PrintImageEii
                0x00010f6c      0x100 Libraries\FEHLCD.o
                0x00010f6c                FEHLCD::PrintImage(int, int)
 .text._ZN6FEHLCD9PrintLogoEii
                0x0001106c      0x100 Libraries\FEHLCD.o
                0x0001106c                FEHLCD::PrintLogo(int, int)
 .text._ZN6FEHLCD22ConvertFEHColorTo24BitENS_11FEHLCDColorE
                0x0001116c       0x80 Libraries\FEHLCD.o
                0x0001116c                FEHLCD::ConvertFEHColorTo24Bit(FEHLCD::FEHLCDColor)
 .text._ZN6FEHLCD24Convert24BitColorTo16BitEj
                0x000111ec       0x40 Libraries\FEHLCD.o
                0x000111ec                FEHLCD::Convert24BitColorTo16Bit(unsigned int)
 .text._ZN6FEHLCD22ConvertRGBColorTo16BitEhhh
                0x0001122c       0x44 Libraries\FEHLCD.o
                0x0001122c                FEHLCD::ConvertRGBColorTo16Bit(unsigned char, unsigned char, unsigned char)
 .text._ZN6FEHLCD5ClearENS_11FEHLCDColorE
                0x00011270       0x28 Libraries\FEHLCD.o
                0x00011270                FEHLCD::Clear(FEHLCD::FEHLCDColor)
 .text._ZN6FEHLCD5ClearEj
                0x00011298       0x2c Libraries\FEHLCD.o
                0x00011298                FEHLCD::Clear(unsigned int)
 .text._ZN6FEHLCD18SetBackgroundColorENS_11FEHLCDColorE
                0x000112c4       0x28 Libraries\FEHLCD.o
                0x000112c4                FEHLCD::SetBackgroundColor(FEHLCD::FEHLCDColor)
 .text._ZN6FEHLCD18SetBackgroundColorEj
                0x000112ec       0x28 Libraries\FEHLCD.o
                0x000112ec                FEHLCD::SetBackgroundColor(unsigned int)
 .text._ZN6FEHLCD12SetFontColorENS_11FEHLCDColorE
                0x00011314       0x28 Libraries\FEHLCD.o
                0x00011314                FEHLCD::SetFontColor(FEHLCD::FEHLCDColor)
 .text._ZN6FEHLCD12SetFontColorEj
                0x0001133c       0x28 Libraries\FEHLCD.o
                0x0001133c                FEHLCD::SetFontColor(unsigned int)
 .text._ZN6FEHLCD7WriteAtEPKcii
                0x00011364       0x58 Libraries\FEHLCD.o
                0x00011364                FEHLCD::WriteAt(char const*, int, int)
 .text._ZN6FEHLCD11TS_SPI_InitEv
                0x000113bc       0xa8 Libraries\FEHLCD.o
                0x000113bc                FEHLCD::TS_SPI_Init()
 *fill*         0x00011464        0x4 00
 .text._ZN6FEHLCD5TouchEPfS0_
                0x00011468      0x240 Libraries\FEHLCD.o
                0x00011468                FEHLCD::Touch(float*, float*)
 .text._ZN6FEHLCD3absEi
                0x000116a8       0x28 Libraries\FEHLCD.o
                0x000116a8                FEHLCD::abs(int)
 .text._ZN6FEHLCD5WriteEPKc
                0x000116d0       0x5c Libraries\FEHLCD.o
                0x000116d0                FEHLCD::Write(char const*)
 .text._ZN6FEHLCD9WriteLineEPKc
                0x0001172c       0x28 Libraries\FEHLCD.o
                0x0001172c                FEHLCD::WriteLine(char const*)
 .text._ZN6FEHLCD10WriteIndexEh
                0x00011754      0x288 Libraries\FEHLCD.o
                0x00011754                FEHLCD::WriteIndex(unsigned char)
 .text._ZN6FEHLCD14WriteParameterEh
                0x000119dc      0x254 Libraries\FEHLCD.o
                0x000119dc                FEHLCD::WriteParameter(unsigned char)
 .text._ZN6FEHLCD6_ClearEv
                0x00011c30      0x228 Libraries\FEHLCD.o
                0x00011c30                FEHLCD::_Clear()
 .text._ZN6FEHLCD8NextLineEv
                0x00011e58       0x30 Libraries\FEHLCD.o
                0x00011e58                FEHLCD::NextLine()
 .text._ZN6FEHLCD9CheckLineEv
                0x00011e88       0x2c Libraries\FEHLCD.o
                0x00011e88                FEHLCD::CheckLine()
 .text._ZN6FEHLCD8NextCharEv
                0x00011eb4       0x34 Libraries\FEHLCD.o
                0x00011eb4                FEHLCD::NextChar()
 .text._ZN6FEHLCD9DrawPixelEii
                0x00011ee8       0x30 Libraries\FEHLCD.o
                0x00011ee8                FEHLCD::DrawPixel(int, int)
 .text._Z4SwapRiS_
                0x00011f18       0x28 Libraries\FEHLCD.o
                0x00011f18                Swap(int&, int&)
 .text._ZN6FEHLCD13DrawRectangleEiiii
                0x00011f40       0x80 Libraries\FEHLCD.o
                0x00011f40                FEHLCD::DrawRectangle(int, int, int, int)
 .text._ZN6FEHLCD13SetDrawRegionEiiii
                0x00011fc0      0x10c Libraries\FEHLCD.o
                0x00011fc0                FEHLCD::SetDrawRegion(int, int, int, int)
 .text._ZN6FEHLCD8DrawLineEiiii
                0x000120cc      0x17c Libraries\FEHLCD.o
                0x000120cc                FEHLCD::DrawLine(int, int, int, int)
 .text._ZN6FEHLCD9WriteCharEiic
                0x00012248       0x40 Libraries\FEHLCD.o
                0x00012248                FEHLCD::WriteChar(int, int, char)
 .text._ZN6FEHLCD11WriteCharAtEiic
                0x00012288      0x278 Libraries\FEHLCD.o
                0x00012288                FEHLCD::WriteCharAt(int, int, char)
 .text._ZN6FEHLCD11RepeatColorEv
                0x00012500       0xbc Libraries\FEHLCD.o
                0x00012500                FEHLCD::RepeatColor()
 .text._ZN6FEHLCD10_ForePixelEv
                0x000125bc      0x160 Libraries\FEHLCD.o
                0x000125bc                FEHLCD::_ForePixel()
 .text._ZN6FEHLCD10_BackPixelEv
                0x0001271c      0x160 Libraries\FEHLCD.o
                0x0001271c                FEHLCD::_BackPixel()
 .text._ZN6FEHLCD22SetRegisterColorValuesEv
                0x0001287c      0x4c0 Libraries\FEHLCD.o
                0x0001287c                FEHLCD::SetRegisterColorValues()
 .text._ZN7FEHIcon4IconC2Ev
                0x00012d3c       0x18 Libraries\FEHLCD.o
                0x00012d3c                FEHIcon::Icon::Icon()
                0x00012d3c                FEHIcon::Icon::Icon()
 .text._ZN7FEHIcon4Icon13SetPropertiesEPciiiijj
                0x00012d54       0x70 Libraries\FEHLCD.o
                0x00012d54                FEHIcon::Icon::SetProperties(char*, int, int, int, int, unsigned int, unsigned int)
 .text._ZN7FEHIcon4Icon4DrawEv
                0x00012dc4       0xb0 Libraries\FEHLCD.o
                0x00012dc4                FEHIcon::Icon::Draw()
 .text._ZN7FEHIcon4Icon6SelectEv
                0x00012e74       0xb8 Libraries\FEHLCD.o
                0x00012e74                FEHIcon::Icon::Select()
 .text._ZN7FEHIcon4Icon8DeselectEv
                0x00012f2c       0xb4 Libraries\FEHLCD.o
                0x00012f2c                FEHIcon::Icon::Deselect()
 .text._ZN7FEHIcon4Icon7PressedEffi
                0x00012fe0      0x1dc Libraries\FEHLCD.o
                0x00012fe0                FEHIcon::Icon::Pressed(float, float, int)
 .text._ZN7FEHIcon4Icon12WhilePressedEff
                0x000131bc       0x5c Libraries\FEHLCD.o
                0x000131bc                FEHIcon::Icon::WhilePressed(float, float)
 .text._ZN7FEHIcon13DrawIconArrayEPNS_4IconEiiiiiiPA20_cjj
                0x00013218      0x194 Libraries\FEHLCD.o
                0x00013218                FEHIcon::DrawIconArray(FEHIcon::Icon*, int, int, int, int, int, int, char (*) [20], unsigned int, unsigned int)
 .text._Z41__static_initialization_and_destruction_0ii
                0x000133ac       0x30 Libraries\FEHLCD.o
 .text._GLOBAL__sub_I_image
                0x000133dc       0x14 Libraries\FEHLCD.o
 .text._ZN8FEHAccelC2Ev
                0x000133f0       0x8c Libraries\FEHAccel.o
                0x000133f0                FEHAccel::FEHAccel()
                0x000133f0                FEHAccel::FEHAccel()
 .text._Z41__static_initialization_and_destruction_0ii
                0x0001347c       0x30 Libraries\FEHAccel.o
 .text._GLOBAL__sub_I_Accel
                0x000134ac       0x14 Libraries\FEHAccel.o
 .text._ZN10FEHBatteryC2EN5FEHIO8FEHIOPinE
                0x000134c0       0x24 Libraries\FEHBattery.o
                0x000134c0                FEHBattery::FEHBattery(FEHIO::FEHIOPin)
                0x000134c0                FEHBattery::FEHBattery(FEHIO::FEHIOPin)
 .text._Z41__static_initialization_and_destruction_0ii
                0x000134e4       0x34 Libraries\FEHBattery.o
 .text._GLOBAL__sub_I_Battery
                0x00013518       0x14 Libraries\FEHBattery.o
 .text._ZN7FEHXBeeC2Ev
                0x0001352c       0x20 Drivers\FEHXBee.o
                0x0001352c                FEHXBee::FEHXBee()
                0x0001352c                FEHXBee::FEHXBee()
 .text._ZN7FEHXBee17SetPacketCallBackEPFvPhhE
                0x0001354c       0x20 Drivers\FEHXBee.o
                0x0001354c                FEHXBee::SetPacketCallBack(void (*)(unsigned char*, unsigned char))
 .text._Z9UART0_ISRv
                0x0001356c      0x174 Drivers\FEHXBee.o
                0x0001356c                UART0_ISR()
 .text._ZN6FEHRPSC2Ev
                0x000136e0       0x88 Libraries\FEHRPS.o
                0x000136e0                FEHRPS::FEHRPS()
                0x000136e0                FEHRPS::FEHRPS()
 .text._Z14RPSDataProcessPhh
                0x00013768      0x164 Libraries\FEHRPS.o
                0x00013768                RPSDataProcess(unsigned char*, unsigned char)
 .text._Z41__static_initialization_and_destruction_0ii
                0x000138cc       0x30 Libraries\FEHRPS.o
 .text._GLOBAL__sub_I_RPS
                0x000138fc       0x14 Libraries\FEHRPS.o
 .text._ZN5FEHSDC2Ev
                0x00013910       0x24 Libraries\FEHSD.o
                0x00013910                FEHSD::FEHSD()
                0x00013910                FEHSD::FEHSD()
 .text._ZN5FEHSD8CloseLogEv
                0x00013934       0x38 Libraries\FEHSD.o
                0x00013934                FEHSD::CloseLog()
 .text._Z41__static_initialization_and_destruction_0ii
                0x0001396c       0x30 Libraries\FEHSD.o
 .text._GLOBAL__sub_I_SD
                0x0001399c       0x14 Libraries\FEHSD.o
 .text.exit     0x000139b0       0x38 O:\fehqt\Proteus/EWL/lib/armv7e-m\libc.a(exit.o)
                0x000139b0                exit
 .text.memset   0x000139e8        0xc O:\fehqt\Proteus/EWL/lib/armv7e-m\libc.a(memset.o)
                0x000139e8                memset
 .text.strcpy   0x000139f4       0x18 O:\fehqt\Proteus/EWL/lib/armv7e-m\libc.a(strcpy.o)
                0x000139f4                strcpy
 .text.strlen   0x00013a0c       0x10 O:\fehqt\Proteus/EWL/lib/armv7e-m\libc.a(strlen.o)
                0x00013a0c                strlen
 .text.long2str.isra.0
                0x00013a1c      0x196 O:\fehqt\Proteus/EWL/lib/armv7e-m\libc.a(printformat_.o)
 *fill*         0x00013bb2        0x2 00
 .text.__pformatter_
                0x00013bb4      0x3f8 O:\fehqt\Proteus/EWL/lib/armv7e-m\libc.a(printformat_.o)
                0x00013bb4                __pformatter_
 .text.__sformatter
                0x00013fac      0x74e O:\fehqt\Proteus/EWL/lib/armv7e-m\libc.a(scanformat_.o)
                0x00013fac                __sformatter
 *fill*         0x000146fa        0x2 00
 .text.isalpha  0x000146fc       0x1c O:\fehqt\Proteus/EWL/lib/armv7e-m\libc.a(ctype_aeabi.o)
                0x000146fc                isalpha
 .text.isspace  0x00014718       0x1c O:\fehqt\Proteus/EWL/lib/armv7e-m\libc.a(ctype_aeabi.o)
                0x00014718                isspace
 .text.toupper  0x00014734        0xc O:\fehqt\Proteus/EWL/lib/armv7e-m\libc.a(ctype_aeabi.o)
                0x00014734                toupper
 .text.__strtoul
                0x00014740      0x1dc O:\fehqt\Proteus/EWL/lib/armv7e-m\libc.a(__strtoul.o)
                0x00014740                __strtoul
 .text.__fill_mem
                0x0001491c       0x76 O:\fehqt\Proteus/EWL/lib/armv7e-m\libc.a(__filll_mem.o)
                0x0001491c                __fill_mem
 .text.memchr   0x00014992       0x1a O:\fehqt\Proteus/EWL/lib/armv7e-m\libc.a(memchr.o)
                0x00014992                memchr
 .text.strchr   0x000149ac       0x1c O:\fehqt\Proteus/EWL/lib/armv7e-m\libc.a(strchr.o)
                0x000149ac                strchr
 .text.__init_cpp
                0x000149c8       0x4c O:\fehqt\Proteus/EWL/lib/armv7e-m\librt.a(gcc_ctor_dtor.o)
                0x000149c8                __init_cpp
 .text.__fini_cpp
                0x00014a14       0x34 O:\fehqt\Proteus/EWL/lib/armv7e-m\librt.a(gcc_ctor_dtor.o)
                0x00014a14                __fini_cpp
 .text.__copy_rom_section
                0x00014a48       0x44 O:\fehqt\Proteus/EWL/lib/armv7e-m\librt.a(ROMCopy.o)
                0x00014a48                __copy_rom_section
 .text.__copy_rom_sections_to_ram
                0x00014a8c       0x34 O:\fehqt\Proteus/EWL/lib/armv7e-m\librt.a(ROMCopy.o)
                0x00014a8c                __copy_rom_sections_to_ram
 .text.__destroy_global_chain
                0x00014ac0       0x1c O:\fehqt\Proteus/EWL/lib/armv7e-m\librt.a(__arm_eabi_init.o)
                0x00014ac0                __destroy_global_chain
 .text.__init_registers
                0x00014adc       0x20 O:\fehqt\Proteus/EWL/lib/armv7e-m\librt.a(__arm_eabi_init.o)
                0x00014adc                __init_registers
 .text.__init_user
                0x00014afc        0x4 O:\fehqt\Proteus/EWL/lib/armv7e-m\librt.a(__arm_eabi_init.o)
                0x00014afc                __init_user
 *(.rodata)
 .rodata        0x00014b00       0x58 ..\main.o
 .rodata        0x00014b58       0x78 Libraries\FEHIO.o
 .rodata        0x00014bd0       0x34 Libraries\FEHLCD.o
 *(.rodata*)
 .rodata.K60_SDHC0_init
                0x00014c04        0xc Drivers\SDHC.o
                0x00014c04                K60_SDHC0_init
 .rodata._ZL21ESDHC_COMMAND_XFERTYP
                0x00014c10      0x100 Drivers\SDHC.o
 .rodata._ZL10ADCNumbers
                0x00014d10       0x24 Libraries\FEHIO.o
 .rodata._ZL16AnalogPinNumbers
                0x00014d34       0x84 Libraries\FEHIO.o
 .rodata.str1.1
                0x00014db8        0x1 O:\fehqt\Proteus/EWL/lib/armv7e-m\libc.a(printformat_.o)
 .rodata.__aeabi_ctype_table_C
                0x00014db9      0x101 O:\fehqt\Proteus/EWL/lib/armv7e-m\libc.a(ctype_aeabi.o)
                0x00014db9                __aeabi_ctype_table_C
 *(.glue_7)
 .glue_7        0x00000000        0x0 linker stubs
 *(.glue_7t)
 .glue_7t       0x00000000        0x0 linker stubs
 *(.eh_frame)
 *(.init)
 *(.fini)
                0x00014ebc                . = ALIGN (0x4)
 *fill*         0x00014eba        0x2 00
                0x00014ebc                _etext = .

.vfp11_veneer   0x00014ebc        0x0
 .vfp11_veneer  0x00000000        0x0 linker stubs

.v4_bx          0x00014ebc        0x0
 .v4_bx         0x00000000        0x0 linker stubs

.ARM.extab
 *(.ARM.extab* .gnu.linkonce.armextab.*)

.ARM            0x00014ebc        0x0
                0x00014ebc                __exidx_start = .
 *(.ARM.exidx*)
                0x00014ebc                __exidx_end = .

.ctors          0x00014ebc        0x0
                0x00014ebc                __CTOR_LIST__ = .
 *crtbegin.o(.ctors)
 *(EXCLUDE_FILE(*crtend.o) .ctors)
 *(SORT(.ctors.*))
 *(.ctors)
                0x00014ebc                __CTOR_END__ = .

.dtors          0x00014ebc        0x0
                0x00014ebc                __DTOR_LIST__ = .
 *crtbegin.o(.dtors)
 *(EXCLUDE_FILE(*crtend.o) .dtors)
 *(SORT(.dtors.*))
 *(.dtors)
                0x00014ebc                __DTOR_END__ = .

.preinit_array  0x00014ebc        0x0
                0x00014ebc                PROVIDE (__preinit_array_start, .)
 *(.preinit_array*)
                0x00014ebc                PROVIDE (__preinit_array_end, .)

.init_array     0x00014ebc       0x1c
                0x00014ebc                PROVIDE (__init_array_start, .)
 *(SORT(.init_array.*))
 *(.init_array*)
 .init_array    0x00014ebc        0x4 FEHProteus.o
 .init_array    0x00014ec0        0x4 Libraries\FEHBuzzer.o
 .init_array    0x00014ec4        0x4 Libraries\FEHLCD.o
 .init_array    0x00014ec8        0x4 Libraries\FEHAccel.o
 .init_array    0x00014ecc        0x4 Libraries\FEHBattery.o
 .init_array    0x00014ed0        0x4 Libraries\FEHRPS.o
 .init_array    0x00014ed4        0x4 Libraries\FEHSD.o
                0x00014ed8                PROVIDE (__init_array_end, .)

.fini_array     0x00014ed8        0x0
                0x00014ed8                PROVIDE (__fini_array_start, .)
 *(SORT(.fini_array.*))
 *(.fini_array*)
                0x00014ed8                PROVIDE (__fini_array_end, .)
                0x00014ed8                ___ROM_AT = .

.data           0x1fff0400      0xd1c load address 0x00014ed8
                0x1fff0400                . = ALIGN (0x4)
                0x1fff0400                _sdata = .
 *(.data)
 *(.data*)
 .data._ZL4Stat
                0x1fff0400        0x1 Drivers\SDHC.o
 *fill*         0x1fff0401        0x3 00
 .data.image    0x1fff0404      0x750 Libraries\FEHLCD.o
                0x1fff0404                image
 .data.logo     0x1fff0b54      0x3e8 Libraries\FEHLCD.o
                0x1fff0b54                logo
 .data._ZN6FEHLCD8fontDataE
                0x1fff0f3c      0x1e0 Libraries\FEHLCD.o
                0x1fff0f3c                FEHLCD::fontData
                0x1fff111c                . = ALIGN (0x4)
                0x1fff111c                _edata = .
                0x00000d1c                ___data_size = (_edata - _sdata)
                0x00015bf4                ___m_data2_ROMStart = (___ROM_AT + SIZEOF (.data))

.user_data2     0x20000000        0x0 load address 0x00015bf4
                0x20000000                . = ALIGN (0x4)
                0x20000000                ___m_data2_RAMStart = .
 *(.data2)
                0x20000000                ___m_data2_RAMEnd = .
                0x20000000                . = ALIGN (0x4)
                0x00000000                ___m_data2_ROMSize = (___m_data2_RAMEnd - ___m_data2_RAMStart)
                0x20000000                . = ALIGN (0x4)

.bss            0x1fff111c      0x5b0 load address 0x00015bf4
                0x1fff111c                __START_BSS = .
                0x1fff111c                PROVIDE (__bss_start__, __START_BSS)
 *(.bss)
 *(.bss*)
 .bss._ZL4argv  0x1fff111c        0x4 Startup\__arm_start.o
 .bss.MasterTransmission
                0x1fff1120        0x1 Drivers\i2c.o
                0x1fff1120                MasterTransmission
 .bss.SlaveID   0x1fff1121        0x1 Drivers\i2c.o
                0x1fff1121                SlaveID
 *fill*         0x1fff1122        0x2 00
 .bss.SDHC_Card
                0x1fff1124       0x14 Drivers\SDHC.o
                0x1fff1124                SDHC_Card
 .bss.SDHC_Info
                0x1fff1138      0x204 Drivers\SDHC.o
                0x1fff1138                SDHC_Info
 .bss.SDHC_Device
                0x1fff133c        0x8 Drivers\SDHC.o
                0x1fff133c                SDHC_Device
 .bss.Propeller
                0x1fff1344        0x4 FEHProteus.o
                0x1fff1344                Propeller
 .bss.CoreClockKHz
                0x1fff1348        0x4 FEHProteus.o
                0x1fff1348                CoreClockKHz
 .bss.CoreClockMHz
                0x1fff134c        0x4 FEHProteus.o
                0x1fff134c                CoreClockMHz
 .bss.PeripheralClockKHz
                0x1fff1350        0x4 FEHProteus.o
                0x1fff1350                PeripheralClockKHz
 .bss._ZN14AnalogInputPin17Master_Adc_ConfigE
                0x1fff1354       0x10 Libraries\FEHIO.o
                0x1fff1354                AnalogInputPin::Master_Adc_Config
 .bss._ZN14AnalogInputPin18Encoder_Adc_ConfigE
                0x1fff1364       0x10 Libraries\FEHIO.o
                0x1fff1364                AnalogInputPin::Encoder_Adc_Config
 .bss.interrupt_counts
                0x1fff1374       0x80 Libraries\FEHIO.o
                0x1fff1374                interrupt_counts
 .bss._ZN13AnalogEncoder7pinListE
                0x1fff13f4        0x4 Libraries\FEHIO.o
                0x1fff13f4                AnalogEncoder::pinList
 .bss.__interrupt_counter
                0x1fff13f8        0x4 Libraries\FEHIO.o
                0x1fff13f8                __interrupt_counter
 .bss.Buzzer    0x1fff13fc        0x4 Libraries\FEHBuzzer.o
                0x1fff13fc                Buzzer
 .bss.LCD       0x1fff1400       0x44 Libraries\FEHLCD.o
                0x1fff1400                LCD
 .bss.initialized
                0x1fff1444        0x1 Libraries\FEHLCD.o
                0x1fff1444                initialized
 *fill*         0x1fff1445        0x3 00
 .bss.Accel     0x1fff1448        0x4 Libraries\FEHAccel.o
                0x1fff1448                Accel
 .bss.Battery   0x1fff144c        0x4 Libraries\FEHBattery.o
                0x1fff144c                Battery
 .bss.XBeeDataProcess
                0x1fff1450        0x4 Drivers\FEHXBee.o
                0x1fff1450                XBeeDataProcess
 .bss._xbeebuffer
                0x1fff1454       0x10 Drivers\FEHXBee.o
                0x1fff1454                _xbeebuffer
 .bss._xbeebufferindex
                0x1fff1464        0x1 Drivers\FEHXBee.o
                0x1fff1464                _xbeebufferindex
 .bss._xbeestate
                0x1fff1465        0x1 Drivers\FEHXBee.o
                0x1fff1465                _xbeestate
 .bss._xbeebytereceived
                0x1fff1466        0x1 Drivers\FEHXBee.o
                0x1fff1466                _xbeebytereceived
 .bss._xbeebyte
                0x1fff1467        0x1 Drivers\FEHXBee.o
                0x1fff1467                _xbeebyte
 .bss.RPS       0x1fff1468        0x8 Libraries\FEHRPS.o
                0x1fff1468                RPS
 .bss._enabled  0x1fff1470        0x1 Libraries\FEHRPS.o
                0x1fff1470                _enabled
 *fill*         0x1fff1471        0x3 00
 .bss._RPS_x    0x1fff1474        0x4 Libraries\FEHRPS.o
                0x1fff1474                _RPS_x
 .bss._RPS_y    0x1fff1478        0x4 Libraries\FEHRPS.o
                0x1fff1478                _RPS_y
 .bss._RPS_heading
                0x1fff147c        0x4 Libraries\FEHRPS.o
                0x1fff147c                _RPS_heading
 .bss._RPS_objective
                0x1fff1480        0x4 Libraries\FEHRPS.o
                0x1fff1480                _RPS_objective
 .bss._RPS_time
                0x1fff1484        0x1 Libraries\FEHRPS.o
                0x1fff1484                _RPS_time
 .bss._RPS_stop
                0x1fff1485        0x1 Libraries\FEHRPS.o
                0x1fff1485                _RPS_stop
 .bss._RPS_foundpacket
                0x1fff1486        0x1 Libraries\FEHRPS.o
                0x1fff1486                _RPS_foundpacket
 *fill*         0x1fff1487        0x1 00
 .bss.SD        0x1fff1488        0x4 Libraries\FEHSD.o
                0x1fff1488                SD
 .bss.logfil    0x1fff148c      0x228 Libraries\FEHSD.o
                0x1fff148c                logfil
 .bss.__stdio_exit
                0x1fff16b4        0x4 O:\fehqt\Proteus/EWL/lib/armv7e-m\libc.a(exit.o)
                0x1fff16b4                __stdio_exit
 .bss.__console_exit
                0x1fff16b8        0x4 O:\fehqt\Proteus/EWL/lib/armv7e-m\libc.a(exit.o)
                0x1fff16b8                __console_exit
 .bss.__S_romp  0x1fff16bc        0xc O:\fehqt\Proteus/EWL/lib/armv7e-m\librt.a(ROMCopy.o)
 .bss.__global_destructor_chain
                0x1fff16c8        0x4 O:\fehqt\Proteus/EWL/lib/armv7e-m\librt.a(__arm_eabi_init.o)
                0x1fff16c8                __global_destructor_chain
 *(COMMON)
                0x1fff16cc                . = ALIGN (0x4)
                0x1fff16cc                __END_BSS = .
                0x1fff16cc                PROVIDE (__bss_end__, __END_BSS)

._user_heap_stack
                0x1fff16cc     0x1000 load address 0x000161a4
                0x1fff16cc                . = ALIGN (0x4)
                0x1fff16cc                PROVIDE (end, .)
                0x1fff16cc                PROVIDE (_end, .)
                0x1fff16cc                __heap_addr = .
                0x1fff1ecc                . = (. + __heap_size)
 *fill*         0x1fff16cc      0x800 00
                0x1fff26cc                . = (. + __stack_size)
 *fill*         0x1fff1ecc      0x800 00
                0x1fff26cc                . = ALIGN (0x4)
                0x00015bf4                _romp_at = ((___ROM_AT + SIZEOF (.data)) + SIZEOF (.user_data2))

.romp           0x20000000       0x24 load address 0x00015bf4
                0x00015bf4                __S_romp = _romp_at
                0x20000000        0x4 LONG 0x14ed8 ___ROM_AT
                0x20000004        0x4 LONG 0x1fff0400 _sdata
                0x20000008        0x4 LONG 0xd1c ___data_size
                0x2000000c        0x4 LONG 0x15bf4 ___m_data2_ROMStart
                0x20000010        0x4 LONG 0x20000000 ___m_data2_RAMStart
                0x20000014        0x4 LONG 0x0 ___m_data2_ROMSize
                0x20000018        0x4 LONG 0x0
                0x2000001c        0x4 LONG 0x0
                0x20000020        0x4 LONG 0x0

.ARM.attributes
                0x00000000       0x33
 *(.ARM.attributes)
 .ARM.attributes
                0x00000000       0x33 ..\main.o
 .ARM.attributes
                0x00000033       0x33 Startup\__arm_start.o
 .ARM.attributes
                0x00000066       0x33 Startup\__arm_end.o
 .ARM.attributes
                0x00000099       0x33 Startup\kinetis_sysinit.o
 .ARM.attributes
                0x000000cc       0x33 Drivers\i2c.o
 .ARM.attributes
                0x000000ff       0x33 Drivers\spi.o
 .ARM.attributes
                0x00000132       0x33 Drivers\uart.o
 .ARM.attributes
                0x00000165       0x33 Drivers\ff.o
 .ARM.attributes
                0x00000198       0x33 Drivers\SDHC.o
 .ARM.attributes
                0x000001cb       0x33 Drivers\lptmr.o
 .ARM.attributes
                0x000001fe       0x33 FEHProteus.o
 .ARM.attributes
                0x00000231       0x33 Drivers\FEHPropeller.o
 .ARM.attributes
                0x00000264       0x33 Libraries\FEHUtility.o
 .ARM.attributes
                0x00000297       0x33 Libraries\FEHIO.o
 .ARM.attributes
                0x000002ca       0x33 Drivers\adc16.o
 .ARM.attributes
                0x000002fd       0x33 Libraries\FEHBuzzer.o
 .ARM.attributes
                0x00000330       0x33 Libraries\FEHLCD.o
 .ARM.attributes
                0x00000363       0x33 Libraries\FEHAccel.o
 .ARM.attributes
                0x00000396       0x33 Libraries\FEHBattery.o
 .ARM.attributes
                0x000003c9       0x33 Drivers\FEHXBee.o
 .ARM.attributes
                0x000003fc       0x33 Libraries\FEHRPS.o
 .ARM.attributes
                0x0000042f       0x33 Libraries\FEHSD.o
 .ARM.attributes
                0x00000462       0x33 O:\fehqt\Proteus/EWL/lib/armv7e-m\libc.a(exit.o)
 .ARM.attributes
                0x00000495       0x33 O:\fehqt\Proteus/EWL/lib/armv7e-m\libc.a(memset.o)
 .ARM.attributes
                0x000004c8       0x33 O:\fehqt\Proteus/EWL/lib/armv7e-m\libc.a(strcpy.o)
 .ARM.attributes
                0x000004fb       0x33 O:\fehqt\Proteus/EWL/lib/armv7e-m\libc.a(strlen.o)
 .ARM.attributes
                0x0000052e       0x33 O:\fehqt\Proteus/EWL/lib/armv7e-m\libc.a(printformat_.o)
 .ARM.attributes
                0x00000561       0x33 O:\fehqt\Proteus/EWL/lib/armv7e-m\libc.a(scanformat_.o)
 .ARM.attributes
                0x00000594       0x33 O:\fehqt\Proteus/EWL/lib/armv7e-m\libc.a(ctype_aeabi.o)
 .ARM.attributes
                0x000005c7       0x33 O:\fehqt\Proteus/EWL/lib/armv7e-m\libc.a(__strtoul.o)
 .ARM.attributes
                0x000005fa       0x33 O:\fehqt\Proteus/EWL/lib/armv7e-m\libc.a(__filll_mem.o)
 .ARM.attributes
                0x0000062d       0x33 O:\fehqt\Proteus/EWL/lib/armv7e-m\libc.a(memchr.o)
 .ARM.attributes
                0x00000660       0x33 O:\fehqt\Proteus/EWL/lib/armv7e-m\libc.a(strchr.o)
 .ARM.attributes
                0x00000693       0x1e o:/fehqt/proteus/gcc/bin/../lib/gcc/arm-none-eabi/4.6.2/armv7e-m\libgcc.a(_arm_addsubdf3.o)
 .ARM.attributes
                0x000006b1       0x1e o:/fehqt/proteus/gcc/bin/../lib/gcc/arm-none-eabi/4.6.2/armv7e-m\libgcc.a(_arm_muldivdf3.o)
 .ARM.attributes
                0x000006cf       0x1e o:/fehqt/proteus/gcc/bin/../lib/gcc/arm-none-eabi/4.6.2/armv7e-m\libgcc.a(_arm_fixdfsi.o)
 .ARM.attributes
                0x000006ed       0x1e o:/fehqt/proteus/gcc/bin/../lib/gcc/arm-none-eabi/4.6.2/armv7e-m\libgcc.a(_arm_fixunsdfsi.o)
 .ARM.attributes
                0x0000070b       0x1e o:/fehqt/proteus/gcc/bin/../lib/gcc/arm-none-eabi/4.6.2/armv7e-m\libgcc.a(_arm_truncdfsf2.o)
 .ARM.attributes
                0x00000729       0x1e o:/fehqt/proteus/gcc/bin/../lib/gcc/arm-none-eabi/4.6.2/armv7e-m\libgcc.a(_arm_addsubsf3.o)
 .ARM.attributes
                0x00000747       0x1e o:/fehqt/proteus/gcc/bin/../lib/gcc/arm-none-eabi/4.6.2/armv7e-m\libgcc.a(_arm_muldivsf3.o)
 .ARM.attributes
                0x00000765       0x1e o:/fehqt/proteus/gcc/bin/../lib/gcc/arm-none-eabi/4.6.2/armv7e-m\libgcc.a(_arm_cmpsf2.o)
 .ARM.attributes
                0x00000783       0x1e o:/fehqt/proteus/gcc/bin/../lib/gcc/arm-none-eabi/4.6.2/armv7e-m\libgcc.a(_arm_fixsfsi.o)
 .ARM.attributes
                0x000007a1       0x33 O:\fehqt\Proteus/EWL/lib/armv7e-m\librt.a(gcc_ctor_dtor.o)
 .ARM.attributes
                0x000007d4       0x33 O:\fehqt\Proteus/EWL/lib/armv7e-m\librt.a(ROMCopy.o)
 .ARM.attributes
                0x00000807       0x33 O:\fehqt\Proteus/EWL/lib/armv7e-m\librt.a(__arm_eabi_init.o)
OUTPUT(../FEH_Project.elf elf32-littlearm)

.debug_info     0x00000000    0x1222a
 .debug_info    0x00000000      0xd7f ..\main.o
 .debug_info    0x00000d7f     0x12c5 Startup\__arm_start.o
 .debug_info    0x00002044       0x58 Startup\__arm_end.o
 .debug_info    0x0000209c      0x57d Startup\kinetis_sysinit.o
 .debug_info    0x00002619      0x250 Drivers\i2c.o
 .debug_info    0x00002869      0x6cf Drivers\spi.o
 .debug_info    0x00002f38      0x59c Drivers\uart.o
 .debug_info    0x000034d4     0x1da0 Drivers\ff.o
 .debug_info    0x00005274      0xf1d Drivers\SDHC.o
 .debug_info    0x00006191      0x2de Drivers\lptmr.o
 .debug_info    0x0000646f      0x1a7 FEHProteus.o
 .debug_info    0x00006616      0x722 Drivers\FEHPropeller.o
 .debug_info    0x00006d38      0x36c Libraries\FEHUtility.o
 .debug_info    0x000070a4     0x1c6a Libraries\FEHIO.o
 .debug_info    0x00008d0e      0x4ab Drivers\adc16.o
 .debug_info    0x000091b9      0xa42 Libraries\FEHBuzzer.o
 .debug_info    0x00009bfb     0x2c25 Libraries\FEHLCD.o
 .debug_info    0x0000c820      0x26a Libraries\FEHAccel.o
 .debug_info    0x0000ca8a      0x3a9 Libraries\FEHBattery.o
 .debug_info    0x0000ce33      0xac3 Drivers\FEHXBee.o
 .debug_info    0x0000d8f6     0x19c7 Libraries\FEHRPS.o
 .debug_info    0x0000f2bd     0x1242 Libraries\FEHSD.o
 .debug_info    0x000104ff      0x103 O:\fehqt\Proteus/EWL/lib/armv7e-m\libc.a(exit.o)
 .debug_info    0x00010602       0xf4 O:\fehqt\Proteus/EWL/lib/armv7e-m\libc.a(memset.o)
 .debug_info    0x000106f6      0x10a O:\fehqt\Proteus/EWL/lib/armv7e-m\libc.a(strcpy.o)
 .debug_info    0x00010800       0xf3 O:\fehqt\Proteus/EWL/lib/armv7e-m\libc.a(strlen.o)
 .debug_info    0x000108f3      0x512 O:\fehqt\Proteus/EWL/lib/armv7e-m\libc.a(printformat_.o)
 .debug_info    0x00010e05      0x564 O:\fehqt\Proteus/EWL/lib/armv7e-m\libc.a(scanformat_.o)
 .debug_info    0x00011369      0x32a O:\fehqt\Proteus/EWL/lib/armv7e-m\libc.a(ctype_aeabi.o)
 .debug_info    0x00011693      0x1d7 O:\fehqt\Proteus/EWL/lib/armv7e-m\libc.a(__strtoul.o)
 .debug_info    0x0001186a      0x13d O:\fehqt\Proteus/EWL/lib/armv7e-m\libc.a(__filll_mem.o)
 .debug_info    0x000119a7      0x129 O:\fehqt\Proteus/EWL/lib/armv7e-m\libc.a(memchr.o)
 .debug_info    0x00011ad0      0x110 O:\fehqt\Proteus/EWL/lib/armv7e-m\libc.a(strchr.o)
 .debug_info    0x00011be0      0x1c0 O:\fehqt\Proteus/EWL/lib/armv7e-m\librt.a(gcc_ctor_dtor.o)
 .debug_info    0x00011da0      0x1b8 O:\fehqt\Proteus/EWL/lib/armv7e-m\librt.a(ROMCopy.o)
 .debug_info    0x00011f58      0x2d2 O:\fehqt\Proteus/EWL/lib/armv7e-m\librt.a(__arm_eabi_init.o)

.debug_abbrev   0x00000000     0x36a8
 .debug_abbrev  0x00000000      0x231 ..\main.o
 .debug_abbrev  0x00000231      0x28f Startup\__arm_start.o
 .debug_abbrev  0x000004c0       0x45 Startup\__arm_end.o
 .debug_abbrev  0x00000505      0x18a Startup\kinetis_sysinit.o
 .debug_abbrev  0x0000068f       0xfc Drivers\i2c.o
 .debug_abbrev  0x0000078b      0x18b Drivers\spi.o
 .debug_abbrev  0x00000916      0x15f Drivers\uart.o
 .debug_abbrev  0x00000a75      0x18f Drivers\ff.o
 .debug_abbrev  0x00000c04      0x223 Drivers\SDHC.o
 .debug_abbrev  0x00000e27       0xd2 Drivers\lptmr.o
 .debug_abbrev  0x00000ef9      0x101 FEHProteus.o
 .debug_abbrev  0x00000ffa      0x1c6 Drivers\FEHPropeller.o
 .debug_abbrev  0x000011c0      0x154 Libraries\FEHUtility.o
 .debug_abbrev  0x00001314      0x448 Libraries\FEHIO.o
 .debug_abbrev  0x0000175c      0x12a Drivers\adc16.o
 .debug_abbrev  0x00001886      0x1da Libraries\FEHBuzzer.o
 .debug_abbrev  0x00001a60      0x38c Libraries\FEHLCD.o
 .debug_abbrev  0x00001dec      0x13b Libraries\FEHAccel.o
 .debug_abbrev  0x00001f27      0x1cb Libraries\FEHBattery.o
 .debug_abbrev  0x000020f2      0x231 Drivers\FEHXBee.o
 .debug_abbrev  0x00002323      0x37f Libraries\FEHRPS.o
 .debug_abbrev  0x000026a2      0x33a Libraries\FEHSD.o
 .debug_abbrev  0x000029dc       0x8f O:\fehqt\Proteus/EWL/lib/armv7e-m\libc.a(exit.o)
 .debug_abbrev  0x00002a6b       0x66 O:\fehqt\Proteus/EWL/lib/armv7e-m\libc.a(memset.o)
 .debug_abbrev  0x00002ad1       0x7c O:\fehqt\Proteus/EWL/lib/armv7e-m\libc.a(strcpy.o)
 .debug_abbrev  0x00002b4d       0x7e O:\fehqt\Proteus/EWL/lib/armv7e-m\libc.a(strlen.o)
 .debug_abbrev  0x00002bcb      0x204 O:\fehqt\Proteus/EWL/lib/armv7e-m\libc.a(printformat_.o)
 .debug_abbrev  0x00002dcf      0x1fb O:\fehqt\Proteus/EWL/lib/armv7e-m\libc.a(scanformat_.o)
 .debug_abbrev  0x00002fca       0x9a O:\fehqt\Proteus/EWL/lib/armv7e-m\libc.a(ctype_aeabi.o)
 .debug_abbrev  0x00003064       0xc6 O:\fehqt\Proteus/EWL/lib/armv7e-m\libc.a(__strtoul.o)
 .debug_abbrev  0x0000312a       0x8b O:\fehqt\Proteus/EWL/lib/armv7e-m\libc.a(__filll_mem.o)
 .debug_abbrev  0x000031b5       0x99 O:\fehqt\Proteus/EWL/lib/armv7e-m\libc.a(memchr.o)
 .debug_abbrev  0x0000324e       0x8d O:\fehqt\Proteus/EWL/lib/armv7e-m\libc.a(strchr.o)
 .debug_abbrev  0x000032db       0x9d O:\fehqt\Proteus/EWL/lib/armv7e-m\librt.a(gcc_ctor_dtor.o)
 .debug_abbrev  0x00003378      0x160 O:\fehqt\Proteus/EWL/lib/armv7e-m\librt.a(ROMCopy.o)
 .debug_abbrev  0x000034d8      0x1d0 O:\fehqt\Proteus/EWL/lib/armv7e-m\librt.a(__arm_eabi_init.o)

.debug_loc      0x00000000     0x60ee
 .debug_loc     0x00000000       0x72 ..\main.o
 .debug_loc     0x00000072       0xb0 Startup\__arm_start.o
 .debug_loc     0x00000122       0x38 Startup\__arm_end.o
 .debug_loc     0x0000015a       0x84 Startup\kinetis_sysinit.o
 .debug_loc     0x000001de       0xe0 Drivers\i2c.o
 .debug_loc     0x000002be      0x19c Drivers\spi.o
 .debug_loc     0x0000045a       0xe0 Drivers\uart.o
 .debug_loc     0x0000053a      0xa96 Drivers\ff.o
 .debug_loc     0x00000fd0      0x370 Drivers\SDHC.o
 .debug_loc     0x00001340       0x38 Drivers\lptmr.o
 .debug_loc     0x00001378       0x64 FEHProteus.o
 .debug_loc     0x000013dc      0x118 Drivers\FEHPropeller.o
 .debug_loc     0x000014f4      0x1a8 Libraries\FEHUtility.o
 .debug_loc     0x0000169c      0x8d6 Libraries\FEHIO.o
 .debug_loc     0x00001f72       0xa8 Drivers\adc16.o
 .debug_loc     0x0000201a      0x304 Libraries\FEHBuzzer.o
 .debug_loc     0x0000231e     0x1147 Libraries\FEHLCD.o
 .debug_loc     0x00003465      0x144 Libraries\FEHAccel.o
 .debug_loc     0x000035a9       0xd4 Libraries\FEHBattery.o
 .debug_loc     0x0000367d      0x1c0 Drivers\FEHXBee.o
 .debug_loc     0x0000383d      0x3e8 Libraries\FEHRPS.o
 .debug_loc     0x00003c25      0x188 Libraries\FEHSD.o
 .debug_loc     0x00003dad       0x3e O:\fehqt\Proteus/EWL/lib/armv7e-m\libc.a(exit.o)
 .debug_loc     0x00003deb       0x64 O:\fehqt\Proteus/EWL/lib/armv7e-m\libc.a(memset.o)
 .debug_loc     0x00003e4f       0x20 O:\fehqt\Proteus/EWL/lib/armv7e-m\libc.a(strcpy.o)
 .debug_loc     0x00003e6f       0x31 O:\fehqt\Proteus/EWL/lib/armv7e-m\libc.a(strlen.o)
 .debug_loc     0x00003ea0     0x106f O:\fehqt\Proteus/EWL/lib/armv7e-m\libc.a(printformat_.o)
 .debug_loc     0x00004f0f      0x8cb O:\fehqt\Proteus/EWL/lib/armv7e-m\libc.a(scanformat_.o)
 .debug_loc     0x000057da      0x18e O:\fehqt\Proteus/EWL/lib/armv7e-m\libc.a(ctype_aeabi.o)
 .debug_loc     0x00005968      0x2ad O:\fehqt\Proteus/EWL/lib/armv7e-m\libc.a(__strtoul.o)
 .debug_loc     0x00005c15      0x12c O:\fehqt\Proteus/EWL/lib/armv7e-m\libc.a(__filll_mem.o)
 .debug_loc     0x00005d41       0x82 O:\fehqt\Proteus/EWL/lib/armv7e-m\libc.a(memchr.o)
 .debug_loc     0x00005dc3       0x78 O:\fehqt\Proteus/EWL/lib/armv7e-m\libc.a(strchr.o)
 .debug_loc     0x00005e3b       0xbe O:\fehqt\Proteus/EWL/lib/armv7e-m\librt.a(gcc_ctor_dtor.o)
 .debug_loc     0x00005ef9       0x9b O:\fehqt\Proteus/EWL/lib/armv7e-m\librt.a(ROMCopy.o)
 .debug_loc     0x00005f94      0x15a O:\fehqt\Proteus/EWL/lib/armv7e-m\librt.a(__arm_eabi_init.o)

.debug_aranges  0x00000000      0xd90
 .debug_aranges
                0x00000000       0x28 ..\main.o
 .debug_aranges
                0x00000028       0x48 Startup\__arm_start.o
 .debug_aranges
                0x00000070       0x20 Startup\__arm_end.o
 .debug_aranges
                0x00000090       0x30 Startup\kinetis_sysinit.o
 .debug_aranges
                0x000000c0       0x38 Drivers\i2c.o
 .debug_aranges
                0x000000f8       0x58 Drivers\spi.o
 .debug_aranges
                0x00000150       0x38 Drivers\uart.o
 .debug_aranges
                0x00000188      0x198 Drivers\ff.o
 .debug_aranges
                0x00000320       0x98 Drivers\SDHC.o
 .debug_aranges
                0x000003b8       0x20 Drivers\lptmr.o
 .debug_aranges
                0x000003d8       0x28 FEHProteus.o
 .debug_aranges
                0x00000400       0x40 Drivers\FEHPropeller.o
 .debug_aranges
                0x00000440       0x58 Libraries\FEHUtility.o
 .debug_aranges
                0x00000498      0x160 Libraries\FEHIO.o
 .debug_aranges
                0x000005f8       0x30 Drivers\adc16.o
 .debug_aranges
                0x00000628       0x88 Libraries\FEHBuzzer.o
 .debug_aranges
                0x000006b0      0x290 Libraries\FEHLCD.o
 .debug_aranges
                0x00000940       0x48 Libraries\FEHAccel.o
 .debug_aranges
                0x00000988       0x38 Libraries\FEHBattery.o
 .debug_aranges
                0x000009c0       0x58 Drivers\FEHXBee.o
 .debug_aranges
                0x00000a18       0xa8 Libraries\FEHRPS.o
 .debug_aranges
                0x00000ac0       0x50 Libraries\FEHSD.o
 .debug_aranges
                0x00000b10       0x20 O:\fehqt\Proteus/EWL/lib/armv7e-m\libc.a(exit.o)
 .debug_aranges
                0x00000b30       0x20 O:\fehqt\Proteus/EWL/lib/armv7e-m\libc.a(memset.o)
 .debug_aranges
                0x00000b50       0x20 O:\fehqt\Proteus/EWL/lib/armv7e-m\libc.a(strcpy.o)
 .debug_aranges
                0x00000b70       0x20 O:\fehqt\Proteus/EWL/lib/armv7e-m\libc.a(strlen.o)
 .debug_aranges
                0x00000b90       0x28 O:\fehqt\Proteus/EWL/lib/armv7e-m\libc.a(printformat_.o)
 .debug_aranges
                0x00000bb8       0x20 O:\fehqt\Proteus/EWL/lib/armv7e-m\libc.a(scanformat_.o)
 .debug_aranges
                0x00000bd8       0x88 O:\fehqt\Proteus/EWL/lib/armv7e-m\libc.a(ctype_aeabi.o)
 .debug_aranges
                0x00000c60       0x20 O:\fehqt\Proteus/EWL/lib/armv7e-m\libc.a(__strtoul.o)
 .debug_aranges
                0x00000c80       0x20 O:\fehqt\Proteus/EWL/lib/armv7e-m\libc.a(__filll_mem.o)
 .debug_aranges
                0x00000ca0       0x20 O:\fehqt\Proteus/EWL/lib/armv7e-m\libc.a(memchr.o)
 .debug_aranges
                0x00000cc0       0x20 O:\fehqt\Proteus/EWL/lib/armv7e-m\libc.a(strchr.o)
 .debug_aranges
                0x00000ce0       0x28 O:\fehqt\Proteus/EWL/lib/armv7e-m\librt.a(gcc_ctor_dtor.o)
 .debug_aranges
                0x00000d08       0x30 O:\fehqt\Proteus/EWL/lib/armv7e-m\librt.a(ROMCopy.o)
 .debug_aranges
                0x00000d38       0x58 O:\fehqt\Proteus/EWL/lib/armv7e-m\librt.a(__arm_eabi_init.o)

.debug_line     0x00000000     0x70ca
 .debug_line    0x00000000      0x26f ..\main.o
 .debug_line    0x0000026f      0x3ad Startup\__arm_start.o
 .debug_line    0x0000061c      0x21a Startup\__arm_end.o
 .debug_line    0x00000836      0x283 Startup\kinetis_sysinit.o
 .debug_line    0x00000ab9      0x2ad Drivers\i2c.o
 .debug_line    0x00000d66      0x295 Drivers\spi.o
 .debug_line    0x00000ffb      0x212 Drivers\uart.o
 .debug_line    0x0000120d     0x1114 Drivers\ff.o
 .debug_line    0x00002321      0x678 Drivers\SDHC.o
 .debug_line    0x00002999      0x1c0 Drivers\lptmr.o
 .debug_line    0x00002b59      0x1da FEHProteus.o
 .debug_line    0x00002d33      0x264 Drivers\FEHPropeller.o
 .debug_line    0x00002f97      0x282 Libraries\FEHUtility.o
 .debug_line    0x00003219      0x6ee Libraries\FEHIO.o
 .debug_line    0x00003907      0x20f Drivers\adc16.o
 .debug_line    0x00003b16      0x2df Libraries\FEHBuzzer.o
 .debug_line    0x00003df5     0x1151 Libraries\FEHLCD.o
 .debug_line    0x00004f46      0x23f Libraries\FEHAccel.o
 .debug_line    0x00005185      0x218 Libraries\FEHBattery.o
 .debug_line    0x0000539d      0x349 Drivers\FEHXBee.o
 .debug_line    0x000056e6      0x6fa Libraries\FEHRPS.o
 .debug_line    0x00005de0      0x334 Libraries\FEHSD.o
 .debug_line    0x00006114       0x94 O:\fehqt\Proteus/EWL/lib/armv7e-m\libc.a(exit.o)
 .debug_line    0x000061a8       0x8f O:\fehqt\Proteus/EWL/lib/armv7e-m\libc.a(memset.o)
 .debug_line    0x00006237       0x8e O:\fehqt\Proteus/EWL/lib/armv7e-m\libc.a(strcpy.o)
 .debug_line    0x000062c5       0x89 O:\fehqt\Proteus/EWL/lib/armv7e-m\libc.a(strlen.o)
 .debug_line    0x0000634e      0x2c6 O:\fehqt\Proteus/EWL/lib/armv7e-m\libc.a(printformat_.o)
 .debug_line    0x00006614      0x2e3 O:\fehqt\Proteus/EWL/lib/armv7e-m\libc.a(scanformat_.o)
 .debug_line    0x000068f7      0x1dd O:\fehqt\Proteus/EWL/lib/armv7e-m\libc.a(ctype_aeabi.o)
 .debug_line    0x00006ad4      0x141 O:\fehqt\Proteus/EWL/lib/armv7e-m\libc.a(__strtoul.o)
 .debug_line    0x00006c15      0x121 O:\fehqt\Proteus/EWL/lib/armv7e-m\libc.a(__filll_mem.o)
 .debug_line    0x00006d36       0xa3 O:\fehqt\Proteus/EWL/lib/armv7e-m\libc.a(memchr.o)
 .debug_line    0x00006dd9       0x84 O:\fehqt\Proteus/EWL/lib/armv7e-m\libc.a(strchr.o)
 .debug_line    0x00006e5d       0x94 O:\fehqt\Proteus/EWL/lib/armv7e-m\librt.a(gcc_ctor_dtor.o)
 .debug_line    0x00006ef1       0xc0 O:\fehqt\Proteus/EWL/lib/armv7e-m\librt.a(ROMCopy.o)
 .debug_line    0x00006fb1      0x119 O:\fehqt\Proteus/EWL/lib/armv7e-m\librt.a(__arm_eabi_init.o)

.debug_macinfo  0x00000000   0x7d3a8f
 .debug_macinfo
                0x00000000    0x6436a ..\main.o
 .debug_macinfo
                0x0006436a    0x647fb Startup\__arm_start.o
 .debug_macinfo
                0x000c8b65     0x3464 Startup\__arm_end.o
 .debug_macinfo
                0x000cbfc9    0x64cce Startup\kinetis_sysinit.o
 .debug_macinfo
                0x00130c97    0x6318f Drivers\i2c.o
 .debug_macinfo
                0x00193e26    0x62fd6 Drivers\spi.o
 .debug_macinfo
                0x001f6dfc    0x62fc7 Drivers\uart.o
 .debug_macinfo
                0x00259dc3     0x4396 Drivers\ff.o
 .debug_macinfo
                0x0025e159    0x6452b Drivers\SDHC.o
 .debug_macinfo
                0x002c2684    0x63036 Drivers\lptmr.o
 .debug_macinfo
                0x003256ba    0x62fdc FEHProteus.o
 .debug_macinfo
                0x00388696    0x63085 Drivers\FEHPropeller.o
 .debug_macinfo
                0x003eb71b    0x62ff1 Libraries\FEHUtility.o
 .debug_macinfo
                0x0044e70c    0x64348 Libraries\FEHIO.o
 .debug_macinfo
                0x004b2a54    0x63678 Drivers\adc16.o
 .debug_macinfo
                0x005160cc    0x6301e Libraries\FEHBuzzer.o
 .debug_macinfo
                0x005790ea    0x649ab Libraries\FEHLCD.o
 .debug_macinfo
                0x005dda95    0x631be Libraries\FEHAccel.o
 .debug_macinfo
                0x00640c53    0x636a3 Libraries\FEHBattery.o
 .debug_macinfo
                0x006a42f6    0x63d5d Drivers\FEHXBee.o
 .debug_macinfo
                0x00708053    0x661ab Libraries\FEHRPS.o
 .debug_macinfo
                0x0076e1fe    0x65891 Libraries\FEHSD.o

.debug_str      0x00000000     0x482e
 .debug_str     0x00000000      0xc73 ..\main.o
                                0xd11 (size before relaxing)
 .debug_str     0x00000c73      0x369 Startup\__arm_start.o
                                0xe4c (size before relaxing)
 .debug_str     0x00000fdc       0x23 Startup\__arm_end.o
                                 0xa0 (size before relaxing)
 .debug_str     0x00000fff      0x1df Startup\kinetis_sysinit.o
                                0x34b (size before relaxing)
 .debug_str     0x000011de      0x11a Drivers\i2c.o
                                0x1e7 (size before relaxing)
 .debug_str     0x000012f8      0x18b Drivers\spi.o
                                0x3a0 (size before relaxing)
 .debug_str     0x00001483      0x188 Drivers\uart.o
                                0x335 (size before relaxing)
 .debug_str     0x0000160b      0x6bb Drivers\ff.o
                                0x838 (size before relaxing)
 .debug_str     0x00001cc6      0x546 Drivers\SDHC.o
                                0x80e (size before relaxing)
 .debug_str     0x0000220c       0x5a Drivers\lptmr.o
                                0x1ee (size before relaxing)
 .debug_str     0x00002266       0x6c FEHProteus.o
                                0x23a (size before relaxing)
 .debug_str     0x000022d2       0x2a Drivers\FEHPropeller.o
                                0x37b (size before relaxing)
 .debug_str     0x000022fc       0xc0 Libraries\FEHUtility.o
                                0x1bf (size before relaxing)
 .debug_str     0x000023bc      0xfde Libraries\FEHIO.o
                               0x1290 (size before relaxing)
 .debug_str     0x0000339a       0xd7 Drivers\adc16.o
                                0x27f (size before relaxing)
 .debug_str     0x00003471      0x1ba Libraries\FEHBuzzer.o
                                0x391 (size before relaxing)
 .debug_str     0x0000362b      0x2cc Libraries\FEHLCD.o
                               0x10f2 (size before relaxing)
 .debug_str     0x000038f7       0x68 Libraries\FEHAccel.o
                                0x183 (size before relaxing)
 .debug_str     0x0000395f       0x5d Libraries\FEHBattery.o
                                0x344 (size before relaxing)
 .debug_str     0x000039bc      0x1f6 Drivers\FEHXBee.o
                                0x52a (size before relaxing)
 .debug_str     0x00003bb2      0x356 Libraries\FEHRPS.o
                               0x14e7 (size before relaxing)
 .debug_str     0x00003f08       0x75 Libraries\FEHSD.o
                                0xf0f (size before relaxing)
 .debug_str     0x00003f7d       0xbd O:\fehqt\Proteus/EWL/lib/armv7e-m\libc.a(exit.o)
                                0x14e (size before relaxing)
 .debug_str     0x0000403a       0x1c O:\fehqt\Proteus/EWL/lib/armv7e-m\libc.a(memset.o)
                                0x140 (size before relaxing)
 .debug_str     0x00004056       0x24 O:\fehqt\Proteus/EWL/lib/armv7e-m\libc.a(strcpy.o)
                                0x139 (size before relaxing)
 .debug_str     0x0000407a       0x1c O:\fehqt\Proteus/EWL/lib/armv7e-m\libc.a(strlen.o)
                                0x140 (size before relaxing)
 .debug_str     0x00004096      0x21a O:\fehqt\Proteus/EWL/lib/armv7e-m\libc.a(printformat_.o)
                                0x3aa (size before relaxing)
 .debug_str     0x000042b0      0x17b O:\fehqt\Proteus/EWL/lib/armv7e-m\libc.a(scanformat_.o)
                                0x3f0 (size before relaxing)
 .debug_str     0x0000442b       0x9d O:\fehqt\Proteus/EWL/lib/armv7e-m\libc.a(ctype_aeabi.o)
                                0x1b3 (size before relaxing)
 .debug_str     0x000044c8       0x55 O:\fehqt\Proteus/EWL/lib/armv7e-m\libc.a(__strtoul.o)
                                0x1f2 (size before relaxing)
 .debug_str     0x0000451d       0x25 O:\fehqt\Proteus/EWL/lib/armv7e-m\libc.a(__filll_mem.o)
                                0x152 (size before relaxing)
 .debug_str     0x00004542       0x1c O:\fehqt\Proteus/EWL/lib/armv7e-m\libc.a(memchr.o)
                                0x148 (size before relaxing)
 .debug_str     0x0000455e       0x1c O:\fehqt\Proteus/EWL/lib/armv7e-m\libc.a(strchr.o)
                                0x137 (size before relaxing)
 .debug_str     0x0000457a      0x126 O:\fehqt\Proteus/EWL/lib/armv7e-m\librt.a(gcc_ctor_dtor.o)
                                0x185 (size before relaxing)
 .debug_str     0x000046a0       0x9b O:\fehqt\Proteus/EWL/lib/armv7e-m\librt.a(ROMCopy.o)
                                0x140 (size before relaxing)
 .debug_str     0x0000473b       0xf3 O:\fehqt\Proteus/EWL/lib/armv7e-m\librt.a(__arm_eabi_init.o)
                                0x1ac (size before relaxing)

.comment        0x00000000       0x79
 .comment       0x00000000       0x79 ..\main.o
                                 0x7a (size before relaxing)
 .comment       0x00000000       0x7a Startup\__arm_start.o
 .comment       0x00000000       0x7a Startup\__arm_end.o
 .comment       0x00000000       0x7a Startup\kinetis_sysinit.o
 .comment       0x00000000       0x7a Drivers\i2c.o
 .comment       0x00000000       0x7a Drivers\spi.o
 .comment       0x00000000       0x7a Drivers\uart.o
 .comment       0x00000000       0x7a Drivers\ff.o
 .comment       0x00000000       0x7a Drivers\SDHC.o
 .comment       0x00000000       0x7a Drivers\lptmr.o
 .comment       0x00000000       0x7a FEHProteus.o
 .comment       0x00000000       0x7a Drivers\FEHPropeller.o
 .comment       0x00000000       0x7a Libraries\FEHUtility.o
 .comment       0x00000000       0x7a Libraries\FEHIO.o
 .comment       0x00000000       0x7a Drivers\adc16.o
 .comment       0x00000000       0x7a Libraries\FEHBuzzer.o
 .comment       0x00000000       0x7a Libraries\FEHLCD.o
 .comment       0x00000000       0x7a Libraries\FEHAccel.o
 .comment       0x00000000       0x7a Libraries\FEHBattery.o
 .comment       0x00000000       0x7a Drivers\FEHXBee.o
 .comment       0x00000000       0x7a Libraries\FEHRPS.o
 .comment       0x00000000       0x7a Libraries\FEHSD.o
 .comment       0x00000000       0x7a O:\fehqt\Proteus/EWL/lib/armv7e-m\libc.a(exit.o)
 .comment       0x00000000       0x7a O:\fehqt\Proteus/EWL/lib/armv7e-m\libc.a(memset.o)
 .comment       0x00000000       0x7a O:\fehqt\Proteus/EWL/lib/armv7e-m\libc.a(strcpy.o)
 .comment       0x00000000       0x7a O:\fehqt\Proteus/EWL/lib/armv7e-m\libc.a(strlen.o)
 .comment       0x00000000       0x7a O:\fehqt\Proteus/EWL/lib/armv7e-m\libc.a(printformat_.o)
 .comment       0x00000000       0x7a O:\fehqt\Proteus/EWL/lib/armv7e-m\libc.a(scanformat_.o)
 .comment       0x00000000       0x7a O:\fehqt\Proteus/EWL/lib/armv7e-m\libc.a(ctype_aeabi.o)
 .comment       0x00000000       0x7a O:\fehqt\Proteus/EWL/lib/armv7e-m\libc.a(__strtoul.o)
 .comment       0x00000000       0x7a O:\fehqt\Proteus/EWL/lib/armv7e-m\libc.a(__filll_mem.o)
 .comment       0x00000000       0x7a O:\fehqt\Proteus/EWL/lib/armv7e-m\libc.a(memchr.o)
 .comment       0x00000000       0x7a O:\fehqt\Proteus/EWL/lib/armv7e-m\libc.a(strchr.o)
 .comment       0x00000000       0x7a O:\fehqt\Proteus/EWL/lib/armv7e-m\librt.a(gcc_ctor_dtor.o)
 .comment       0x00000000       0x7a O:\fehqt\Proteus/EWL/lib/armv7e-m\librt.a(ROMCopy.o)
 .comment       0x00000000       0x7a O:\fehqt\Proteus/EWL/lib/armv7e-m\librt.a(__arm_eabi_init.o)

.debug_frame    0x00000000     0x27c4
 .debug_frame   0x00000000       0x54 ..\main.o
 .debug_frame   0x00000054       0x98 Startup\__arm_start.o
 .debug_frame   0x000000ec       0x2c Startup\__arm_end.o
 .debug_frame   0x00000118       0x5c Startup\kinetis_sysinit.o
 .debug_frame   0x00000174       0x88 Drivers\i2c.o
 .debug_frame   0x000001fc       0xf8 Drivers\spi.o
 .debug_frame   0x000002f4       0x84 Drivers\uart.o
 .debug_frame   0x00000378      0x5e8 Drivers\ff.o
 .debug_frame   0x00000960      0x1e8 Drivers\SDHC.o
 .debug_frame   0x00000b48       0x2c Drivers\lptmr.o
 .debug_frame   0x00000b74       0x4c FEHProteus.o
 .debug_frame   0x00000bc0       0xa8 Drivers\FEHPropeller.o
 .debug_frame   0x00000c68       0xf8 Libraries\FEHUtility.o
 .debug_frame   0x00000d60      0x4e8 Libraries\FEHIO.o
 .debug_frame   0x00001248       0x64 Drivers\adc16.o
 .debug_frame   0x000012ac      0x1c8 Libraries\FEHBuzzer.o
 .debug_frame   0x00001474      0x9c0 Libraries\FEHLCD.o
 .debug_frame   0x00001e34       0xd8 Libraries\FEHAccel.o
 .debug_frame   0x00001f0c       0x8c Libraries\FEHBattery.o
 .debug_frame   0x00001f98       0xfc Drivers\FEHXBee.o
 .debug_frame   0x00002094      0x22c Libraries\FEHRPS.o
 .debug_frame   0x000022c0       0xf0 Libraries\FEHSD.o
 .debug_frame   0x000023b0       0x28 O:\fehqt\Proteus/EWL/lib/armv7e-m\libc.a(exit.o)
 .debug_frame   0x000023d8       0x28 O:\fehqt\Proteus/EWL/lib/armv7e-m\libc.a(memset.o)
 .debug_frame   0x00002400       0x28 O:\fehqt\Proteus/EWL/lib/armv7e-m\libc.a(strcpy.o)
 .debug_frame   0x00002428       0x20 O:\fehqt\Proteus/EWL/lib/armv7e-m\libc.a(strlen.o)
 .debug_frame   0x00002448       0x64 O:\fehqt\Proteus/EWL/lib/armv7e-m\libc.a(printformat_.o)
 .debug_frame   0x000024ac       0x3c O:\fehqt\Proteus/EWL/lib/armv7e-m\libc.a(scanformat_.o)
 .debug_frame   0x000024e8       0xf0 O:\fehqt\Proteus/EWL/lib/armv7e-m\libc.a(ctype_aeabi.o)
 .debug_frame   0x000025d8       0x3c O:\fehqt\Proteus/EWL/lib/armv7e-m\libc.a(__strtoul.o)
 .debug_frame   0x00002614       0x2c O:\fehqt\Proteus/EWL/lib/armv7e-m\libc.a(__filll_mem.o)
 .debug_frame   0x00002640       0x28 O:\fehqt\Proteus/EWL/lib/armv7e-m\libc.a(memchr.o)
 .debug_frame   0x00002668       0x20 O:\fehqt\Proteus/EWL/lib/armv7e-m\libc.a(strchr.o)
 .debug_frame   0x00002688       0x48 O:\fehqt\Proteus/EWL/lib/armv7e-m\librt.a(gcc_ctor_dtor.o)
 .debug_frame   0x000026d0       0x48 O:\fehqt\Proteus/EWL/lib/armv7e-m\librt.a(ROMCopy.o)
 .debug_frame   0x00002718       0xac O:\fehqt\Proteus/EWL/lib/armv7e-m\librt.a(__arm_eabi_init.o)
